n/image_540.jpg
n/image_531.jpg
n/image_520.jpg
n/image_489.jpg
n/image_485.jpg
n/image_482.jpg
n/image_476.jpg
n/image_466.jpg
n/image_438.jpg
n/image_437.jpg
n/image_427.jpg
n/image_532.jpg
n/image_529.jpg
n/image_504.jpg
n/image_462.jpg
n/image_433.jpg
n/image_430.jpg
n/image_426.jpg
n/image_424.jpg
n/image_410.jpg
n/image_403.jpg
n/image_395.jpg
n/image_392.jpg
n/image_391.jpg
n/image_382.jpg
n/image_374.jpg
n/image_369.jpg
n/image_330.jpg
n/image_325.jpg
n/image_372.jpg
n/image_326.jpg
n/image_322.jpg
n/image_315.jpg
n/image_309.jpg
n/image_311.jpg
n/image_310.jpg
n/image_306.jpg
n/image_299.jpg
n/image_298.jpg
n/image_285.jpg
n/image_284.jpg
n/image_283.jpg
n/image_281.jpg
n/image_273.jpg
n/image_272.jpg
n/image_270.jpg
n/image_264.jpg
n/image_262.jpg
n/image_261.jpg
n/image_252.jpg
n/image_249.jpg
n/image_241.jpg
n/image_240.jpg
n/image_238.jpg
n/image_237.jpg
n/image_236.jpg
n/image_234.jpg
n/image_233.jpg
n/image_232.jpg
n/image_231.jpg
n/image_229.jpg
n/image_227.jpg
n/image_222.jpg
n/image_214.jpg
n/image_213.jpg
n/image_210.jpg
n/image_208.jpg
n/image_202.jpg
n/image_198.jpg
n/image_195.jpg
n/image_194.jpg
n/image_188.jpg
n/image_186.jpg
n/image_185.jpg
n/image_183.jpg
n/image_182.jpg
n/image_181.jpg
n/image_172.jpg
n/image_171.jpg
n/image_163.jpg
n/image_162.jpg
n/image_161.jpg
n/image_160.jpg
n/image_159.jpg
n/image_158.jpg
n/image_153.jpg
n/image_152.jpg
n/image_151.jpg
n/image_150.jpg
n/image_149.jpg
n/image_148.jpg
n/image_147.jpg
n/image_145.jpg
n/image_144.jpg
n/image_143.jpg
n/image_142.jpg
n/image_140.jpg
n/image_137.jpg
n/image_132.jpg
n/image_131.jpg
n/image_129.jpg
n/image_127.jpg
n/image_126.jpg
n/image_123.jpg
n/image_122.jpg
n/image_121.jpg
n/image_120.jpg
n/image_118.jpg
n/image_117.jpg
n/image_116.jpg
n/image_115.jpg
n/image_114.jpg
n/image_522.jpg
n/image_521.jpg
n/image_510.jpg
n/image_508.jpg
n/image_503.jpg
n/image_497.jpg
n/image_471.jpg
n/image_465.jpg
n/image_435.jpg
n/image_420.jpg
n/image_414.jpg
n/image_406.jpg
n/image_411.jpg
n/image_543.jpg
n/image_541.jpg
n/image_539.jpg
n/image_533.jpg
n/image_536.jpg
n/image_517.jpg
n/image_499.jpg
n/image_496.jpg
n/image_493.jpg
n/image_495.jpg
n/image_494.jpg
n/image_488.jpg
n/image_483.jpg
n/image_472.jpg
n/image_470.jpg
n/image_469.jpg
n/image_463.jpg
n/image_455.jpg
n/image_453.jpg
n/image_432.jpg
n/image_407.jpg
n/image_404.jpg
n/image_402.jpg
n/image_398.jpg
n/image_396.jpg
n/image_394.jpg
n/image_388.jpg
n/image_387.jpg
n/image_383.jpg
n/image_380.jpg
n/image_378.jpg
n/image_375.jpg
n/image_370.jpg
n/image_367.jpg
n/image_365.jpg
n/image_359.jpg
n/image_353.jpg
n/image_355.jpg
n/image_351.jpg
n/image_350.jpg
n/image_347.jpg
n/image_337.jpg
n/image_333.jpg
n/image_332.jpg
n/image_328.jpg
n/image_327.jpg
n/image_321.jpg
n/image_366.jpg
n/image_363.jpg
n/image_364.jpg
n/image_358.jpg
n/image_352.jpg
n/image_349.jpg
n/image_343.jpg
n/image_341.jpg
n/image_339.jpg
n/image_338.jpg
n/image_331.jpg
n/image_320.jpg
n/image_319.jpg
n/image_318.jpg
n/image_317.jpg
n/image_316.jpg
n/image_314.jpg
n/image_313.jpg
n/image_308.jpg
n/image_307.jpg
n/image_305.jpg
n/image_304.jpg
n/image_303.jpg
n/image_302.jpg
n/image_300.jpg
n/image_297.jpg
n/image_296.jpg
n/image_295.jpg
n/image_294.jpg
n/image_293.jpg
n/image_291.jpg
n/image_292.jpg
n/image_289.jpg
n/image_288.jpg
n/image_287.jpg
n/image_286.jpg
n/image_282.jpg
n/image_280.jpg
n/image_278.jpg
n/image_277.jpg
n/image_276.jpg
n/image_275.jpg
n/image_274.jpg
n/image_271.jpg
n/image_269.jpg
n/image_267.jpg
n/image_266.jpg
n/image_265.jpg
n/image_263.jpg
n/image_250.jpg
n/image_248.jpg
n/image_247.jpg
n/image_245.jpg
n/image_220.jpg
n/image_219.jpg
n/image_218.jpg
n/image_215.jpg
n/image_154.jpg
n/image_141.jpg
n/image_139.jpg
n/image_130.jpg
n/image_119.jpg
n/image_104.jpg
n/image_98.jpg
n/image_96.jpg
n/image_93.jpg
n/image_92.jpg
n/image_260.jpg
n/image_259.jpg
n/image_258.jpg
n/image_256.jpg
n/image_255.jpg
n/image_254.jpg
n/image_253.jpg
n/image_251.jpg
n/image_244.jpg
n/image_243.jpg
n/image_242.jpg
n/image_239.jpg
n/image_230.jpg
n/image_228.jpg
n/image_226.jpg
n/image_225.jpg
n/image_221.jpg
n/image_217.jpg
n/image_216.jpg
n/image_211.jpg
n/image_209.jpg
n/image_207.jpg
n/image_206.jpg
n/image_205.jpg
n/image_204.jpg
n/image_203.jpg
n/image_200.jpg
n/image_199.jpg
n/image_197.jpg
n/image_196.jpg
n/image_193.jpg
n/image_192.jpg
n/image_191.jpg
n/image_189.jpg
n/image_187.jpg
n/image_184.jpg
n/image_180.jpg
n/image_178.jpg
n/image_177.jpg
n/image_176.jpg
n/image_175.jpg
n/image_174.jpg
n/image_173.jpg
n/image_170.jpg
n/image_169.jpg
n/image_167.jpg
n/image_166.jpg
n/image_165.jpg
n/image_164.jpg
n/image_156.jpg
n/image_155.jpg
n/image_138.jpg
n/image_136.jpg
n/image_134.jpg
n/image_133.jpg
n/image_128.jpg
n/image_125.jpg
n/image_111.jpg
n/image_110.jpg
n/image_109.jpg
n/image_108.jpg
n/image_107.jpg
n/image_106.jpg
n/image_105.jpg
n/image_103.jpg
n/image_102.jpg
n/image_100.jpg
n/image_99.jpg
n/image_97.jpg
n/image_95.jpg
n/image_94.jpg
n/image_91.jpg
n/image_89.jpg
n/image_88.jpg
n/image_87.jpg
n/image_86.jpg
n/image_85.jpg
n/image_84.jpg
n/image_83.jpg
n/image_82.jpg
n/image_81.jpg
n/image_80.jpg
n/image_78.jpg
n/image_77.jpg
n/image_76.jpg
n/image_75.jpg
n/image_74.jpg
n/image_73.jpg
n/image_72.jpg
n/image_71.jpg
n/image_70.jpg
n/image_69.jpg
n/image_67.jpg
n/image_66.jpg
n/image_65.jpg
n/image_64.jpg
n/image_63.jpg
n/image_62.jpg
n/image_61.jpg
n/image_60.jpg
n/image_59.jpg
n/image_58.jpg
n/image_56.jpg
n/image_55.jpg
n/image_54.jpg
n/image_519.jpg
n/image_518.jpg
n/image_509.jpg
n/image_484.jpg
n/image_481.jpg
n/image_478.jpg
n/image_475.jpg
n/image_467.jpg
n/image_464.jpg
n/image_450.jpg
n/image_448.jpg
n/image_442.jpg
n/image_449.jpg
n/image_443.jpg
n/image_428.jpg
n/image_429.jpg
n/image_413.jpg
n/image_524.jpg
n/image_526.jpg
n/image_538.jpg
n/image_537.jpg
n/image_530.jpg
n/image_527.jpg
n/image_525.jpg
n/image_514.jpg
n/image_513.jpg
n/image_505.jpg
n/image_492.jpg
n/image_477.jpg
n/image_474.jpg
n/image_473.jpg
n/image_459.jpg
n/image_461.jpg
n/image_452.jpg
n/image_444.jpg
n/image_441.jpg
n/image_440.jpg
n/image_439.jpg
n/image_436.jpg
n/image_431.jpg
n/image_422.jpg
n/image_419.jpg
n/image_421.jpg
n/image_416.jpg
n/image_405.jpg
n/image_542.jpg
n/image_535.jpg
n/image_528.jpg
n/image_516.jpg
n/image_515.jpg
n/image_511.jpg
n/image_507.jpg
n/image_506.jpg
n/image_502.jpg
n/image_500.jpg
n/image_498.jpg
n/image_491.jpg
n/image_487.jpg
n/image_486.jpg
n/image_480.jpg
n/image_460.jpg
n/image_458.jpg
n/image_456.jpg
n/image_454.jpg
n/image_451.jpg
n/image_447.jpg
n/image_425.jpg
n/image_418.jpg
n/image_417.jpg
n/image_415.jpg
n/image_408.jpg
n/image_409.jpg
n/image_400.jpg
n/image_399.jpg
n/image_397.jpg
n/image_393.jpg
n/image_389.jpg
n/image_384.jpg
n/image_386.jpg
n/image_385.jpg
n/image_381.jpg
n/image_377.jpg
n/image_376.jpg
n/image_356.jpg
n/image_354.jpg
n/image_348.jpg
n/image_345.jpg
n/image_344.jpg
n/image_342.jpg
n/image_340.jpg
n/image_336.jpg
n/image_329.jpg
n/image_324.jpg
n/image_373.jpg
n/image_371.jpg
n/image_362.jpg
n/image_361.jpg
n/image_360.jpg
n/image_53.jpg
n/image_52.jpg
n/image_51.jpg
n/image_50.jpg
n/image_49.jpg
n/image_48.jpg
n/image_47.jpg
n/image_44.jpg
n/image_43.jpg
n/image_42.jpg
n/image_41.jpg
n/image_40.jpg
n/image_39.jpg
n/image_38.jpg
n/image_37.jpg
n/image_36.jpg
n/image_33.jpg
n/image_32.jpg
n/image_31.jpg
n/image_30.jpg
n/image_29.jpg
n/image_27.jpg
n/image_26.jpg
n/image_25.jpg
n/image_22.jpg
n/image_20.jpg
n/image_18.jpg
n/image_16.jpg
n/image_14.jpg
n/image_12.jpg
n/image_11.jpg
n/image_9.jpg
n/image_390.jpg
n/image_379.jpg
n/image_357.jpg
n/image_335.jpg
n/image_323.jpg
n/image_301.jpg
n/image_290.jpg
n/image_279.jpg
n/image_268.jpg
n/image_257.jpg
n/image_246.jpg
n/image_235.jpg
n/image_224.jpg
n/image_212.jpg
n/image_201.jpg
n/image_190.jpg
n/image_179.jpg
n/image_168.jpg
n/image_157.jpg
n/image_146.jpg
n/image_135.jpg
n/image_113.jpg
n/image_101.jpg
n/image_90.jpg
n/image_79.jpg
n/image_68.jpg
n/image_46.jpg
n/image_35.jpg
n/image_13.jpg
n/image_45.jpg
n/image_34.jpg
n/image_28.jpg
n/image_23.jpg
n/image_21.jpg
n/image_19.jpg
n/image_17.jpg
n/image_15.jpg
n/image_10.jpg
n/image_8.jpg
n/image_7.jpg
n/image_6.jpg
n/image_5.jpg
n/image_4.jpg
n/image_3.jpg
n/image_590.jpg
n/image_579.jpg
n/image_568.jpg
n/image_557.jpg
n/image_545.jpg
n/image_534.jpg
n/image_523.jpg
n/image_512.jpg
n/image_501.jpg
n/image_490.jpg
n/image_479.jpg
n/image_468.jpg
n/image_457.jpg
n/image_446.jpg
n/image_434.jpg
n/image_423.jpg
n/image_412.jpg
n/image_401.jpg
n/image_368.jpg
n/image_346.jpg
n/image_312.jpg
n/image_124.jpg
n/image_57.jpg
n/image_24.jpg
n/image_2.jpg
n/image_556.jpg
n/image_445.jpg
n/image_334.jpg
n/image_223.jpg
n/image_112.jpg
n/image_1.jpg
n/image_600.jpg
n/image_599.jpg
n/image_598.jpg
n/image_597.jpg
n/image_596.jpg
n/image_595.jpg
n/image_594.jpg
n/image_593.jpg
n/image_592.jpg
n/image_591.jpg
n/image_589.jpg
n/image_588.jpg
n/image_587.jpg
n/image_586.jpg
n/image_585.jpg
n/image_584.jpg
n/image_583.jpg
n/image_582.jpg
n/image_581.jpg
n/image_580.jpg
n/image_578.jpg
n/image_577.jpg
n/image_576.jpg
n/image_575.jpg
n/image_574.jpg
n/image_573.jpg
n/image_572.jpg
n/image_571.jpg
n/image_570.jpg
n/image_569.jpg
n/image_567.jpg
n/image_566.jpg
n/image_565.jpg
n/image_564.jpg
n/image_563.jpg
n/image_562.jpg
n/image_561.jpg
n/image_560.jpg
n/image_559.jpg
n/image_558.jpg
n/image_555.jpg
n/image_554.jpg
n/image_553.jpg
n/image_552.jpg
n/image_551.jpg
n/image_550.jpg
n/image_549.jpg
n/image_548.jpg
n/image_547.jpg
n/image_546.jpg
n/image_544.jpg